
> frontend@0.1.0 build
> next build

Ôû▓ Next.js 16.1.4 (Turbopack)

  Creating an optimized production build ...
Ô£ô Compiled successfully in 5.1s
  Running TypeScript ...
  Collecting page data using 15 workers ...
  Generating static pages using 15 workers (0/4) ...
node.exe : ÔÜá metadataBase property in metadata export is not set for resolving social open graph or twitter images, using "http://localhost:3000". See 
https://nextjs.org/docs/app/api-reference/functions/generate-metadata#metadatabase
En línea: 1 Carácter: 1
+ & "C:\Program Files\nodejs/node.exe" "C:\Program Files\nodejs/node_mo ...
+ ~~~~~~~~~~~~~~~~~~~~~~~~~~~~~~~~~~~~~~~~~~~~~~~~~~~~~~~~~~~~~~~~~~~~~
    + CategoryInfo          : NotSpecified: (ÔÜá metadataBas...ta#metadatabase:String) [], RemoteException
    + FullyQualifiedErrorId : NativeCommandError
 
  Generating static pages using 15 workers (1/4) 
  Generating static pages using 15 workers (2/4) 
  Generating static pages using 15 workers (3/4) 
Ô£ô Generating static pages using 15 workers (4/4) in 990.7ms
  Finalizing page optimization ...

Route (app)
Ôöî Ôùï /
Ôöö Ôùï /_not-found


Ôùï  (Static)  prerendered as static content

